// Jest Snapshot v1, https://goo.gl/fbAQLP

exports[`тест снимок небольшого вывода футера 1`] = `
<DocumentFragment>
  <div>
    <h3>
      Автор:Имя Фамилия
    </h3>
  </div>
</DocumentFragment>
`;
