// Jest Snapshot v1, https://goo.gl/fbAQLP

exports[`тест функции компонента   1`] = `
<DocumentFragment>
  <section
    class="ant-layout ant-layout-has-sider"
  >
    <aside
      class="ant-layout-sider ant-layout-sider-light"
      style="flex: 0 0 200px; max-width: 200px; min-width: 200px; width: 200px;"
    >
      <div
        class="ant-layout-sider-children"
      >
        <input
          class="ant-input"
          placeholder="Новая точка маршрута"
          type="text"
          value=""
        />
        <ul
          class="dul"
        />
      </div>
    </aside>
    <main
      class="cont ant-layout-content"
    >
      <div>
        <div>
          <div
            style="width: 100%; height: 600px;"
          />
        </div>
      </div>
    </main>
  </section>
</DocumentFragment>
`;
